---
source: cookiecluster/src/cli.rs
expression: rendered
---
################################################################################
# EKS Cluster
################################################################################

module "eks" {
  source  = "terraform-aws-modules/eks/aws"
  version = "~> 20.29"

  cluster_name    = "example"
  cluster_version = "1.31"

  cluster_addons = {
    coredns = {}
    eks-pod-identity-agent = {}
    kube-proxy = {}
    vpc-cni = {}
  }

  vpc_id                   = data.aws_vpc.this.id
  control_plane_subnet_ids = data.aws_subnets.control_plane.ids
  subnet_ids               = data.aws_subnets.data_plane.ids

  cluster_zonal_shift_config = {
    enabled = true
  }

  eks_managed_node_groups = {
    default = {
      ami_type = "AL2_ARM_64"
      instance_types = [
        "m7gd.2xlarge",
      ]

      min_size     = 2
      max_size     = 3
      desired_size = 2

      pre_bootstrap_user_data = <<-EOT
        #!/usr/bin/env bash

        # Mount instance store volumes in RAID-0 for Kubelet and Containerd (raid0)
        # https://github.com/awslabs/amazon-eks-ami/blob/master/doc/USER_GUIDE.md#raid-0-for-kubelet-and-containerd-raid0
        /bin/setup-local-disks raid0
      EOT
    }
  }

  tags = module.tags.tags
}

################################################################################
# Tags - Replace with your own tags implementation
################################################################################

module "tags" {
  source  = "clowdhaus/tags/aws"
  version = "~> 1.1"

  application = "cookiecluster"
  environment = "nonprod"
  repository  = "github.com/clowdhaus/cookiecluster"
}

################################################################################
# VPC & Subnet data sources
################################################################################

data "aws_vpc" "this" {
  filter {
    name   = "tag:Name"
    values = ["example"]
  }
}

data "aws_subnets" "control_plane" {
  filter {
    name   = "tag:Name"
    values = ["*-private-*"]
  }
}

data "aws_subnets" "data_plane" {
  filter {
    name   = "tag:Name"
    values = ["*-private-*"]
  }
}
