---
source: cookiecluster/src/inputs/compute.rs
expression: standard_arm64
---
{
    "c6g.12xlarge": InstanceInfo {
        instance_type: "c6g.12xlarge",
        instance_storage_supported: false,
        efa_supported: false,
        nvidia_gpu_supported: false,
        neuron_supported: false,
        cbr_supported: false,
        cpu_arch: "arm64",
    },
    "c6g.16xlarge": InstanceInfo {
        instance_type: "c6g.16xlarge",
        instance_storage_supported: false,
        efa_supported: false,
        nvidia_gpu_supported: false,
        neuron_supported: false,
        cbr_supported: false,
        cpu_arch: "arm64",
    },
    "c6g.2xlarge": InstanceInfo {
        instance_type: "c6g.2xlarge",
        instance_storage_supported: false,
        efa_supported: false,
        nvidia_gpu_supported: false,
        neuron_supported: false,
        cbr_supported: false,
        cpu_arch: "arm64",
    },
    "c6g.4xlarge": InstanceInfo {
        instance_type: "c6g.4xlarge",
        instance_storage_supported: false,
        efa_supported: false,
        nvidia_gpu_supported: false,
        neuron_supported: false,
        cbr_supported: false,
        cpu_arch: "arm64",
    },
    "c6g.8xlarge": InstanceInfo {
        instance_type: "c6g.8xlarge",
        instance_storage_supported: false,
        efa_supported: false,
        nvidia_gpu_supported: false,
        neuron_supported: false,
        cbr_supported: false,
        cpu_arch: "arm64",
    },
    "c6g.large": InstanceInfo {
        instance_type: "c6g.large",
        instance_storage_supported: false,
        efa_supported: false,
        nvidia_gpu_supported: false,
        neuron_supported: false,
        cbr_supported: false,
        cpu_arch: "arm64",
    },
    "c6g.medium": InstanceInfo {
        instance_type: "c6g.medium",
        instance_storage_supported: false,
        efa_supported: false,
        nvidia_gpu_supported: false,
        neuron_supported: false,
        cbr_supported: false,
        cpu_arch: "arm64",
    },
    "c6g.xlarge": InstanceInfo {
        instance_type: "c6g.xlarge",
        instance_storage_supported: false,
        efa_supported: false,
        nvidia_gpu_supported: false,
        neuron_supported: false,
        cbr_supported: false,
        cpu_arch: "arm64",
    },
    "c6gd.12xlarge": InstanceInfo {
        instance_type: "c6gd.12xlarge",
        instance_storage_supported: true,
        efa_supported: false,
        nvidia_gpu_supported: false,
        neuron_supported: false,
        cbr_supported: false,
        cpu_arch: "arm64",
    },
    "c6gd.16xlarge": InstanceInfo {
        instance_type: "c6gd.16xlarge",
        instance_storage_supported: true,
        efa_supported: false,
        nvidia_gpu_supported: false,
        neuron_supported: false,
        cbr_supported: false,
        cpu_arch: "arm64",
    },
    "c6gd.2xlarge": InstanceInfo {
        instance_type: "c6gd.2xlarge",
        instance_storage_supported: true,
        efa_supported: false,
        nvidia_gpu_supported: false,
        neuron_supported: false,
        cbr_supported: false,
        cpu_arch: "arm64",
    },
    "c6gd.4xlarge": InstanceInfo {
        instance_type: "c6gd.4xlarge",
        instance_storage_supported: true,
        efa_supported: false,
        nvidia_gpu_supported: false,
        neuron_supported: false,
        cbr_supported: false,
        cpu_arch: "arm64",
    },
    "c6gd.8xlarge": InstanceInfo {
        instance_type: "c6gd.8xlarge",
        instance_storage_supported: true,
        efa_supported: false,
        nvidia_gpu_supported: false,
        neuron_supported: false,
        cbr_supported: false,
        cpu_arch: "arm64",
    },
    "c6gd.large": InstanceInfo {
        instance_type: "c6gd.large",
        instance_storage_supported: true,
        efa_supported: false,
        nvidia_gpu_supported: false,
        neuron_supported: false,
        cbr_supported: false,
        cpu_arch: "arm64",
    },
    "c6gd.medium": InstanceInfo {
        instance_type: "c6gd.medium",
        instance_storage_supported: true,
        efa_supported: false,
        nvidia_gpu_supported: false,
        neuron_supported: false,
        cbr_supported: false,
        cpu_arch: "arm64",
    },
    "c6gd.xlarge": InstanceInfo {
        instance_type: "c6gd.xlarge",
        instance_storage_supported: true,
        efa_supported: false,
        nvidia_gpu_supported: false,
        neuron_supported: false,
        cbr_supported: false,
        cpu_arch: "arm64",
    },
    "c6gn.12xlarge": InstanceInfo {
        instance_type: "c6gn.12xlarge",
        instance_storage_supported: false,
        efa_supported: false,
        nvidia_gpu_supported: false,
        neuron_supported: false,
        cbr_supported: false,
        cpu_arch: "arm64",
    },
    "c6gn.16xlarge": InstanceInfo {
        instance_type: "c6gn.16xlarge",
        instance_storage_supported: false,
        efa_supported: true,
        nvidia_gpu_supported: false,
        neuron_supported: false,
        cbr_supported: false,
        cpu_arch: "arm64",
    },
    "c6gn.2xlarge": InstanceInfo {
        instance_type: "c6gn.2xlarge",
        instance_storage_supported: false,
        efa_supported: false,
        nvidia_gpu_supported: false,
        neuron_supported: false,
        cbr_supported: false,
        cpu_arch: "arm64",
    },
    "c6gn.4xlarge": InstanceInfo {
        instance_type: "c6gn.4xlarge",
        instance_storage_supported: false,
        efa_supported: false,
        nvidia_gpu_supported: false,
        neuron_supported: false,
        cbr_supported: false,
        cpu_arch: "arm64",
    },
    "c6gn.8xlarge": InstanceInfo {
        instance_type: "c6gn.8xlarge",
        instance_storage_supported: false,
        efa_supported: false,
        nvidia_gpu_supported: false,
        neuron_supported: false,
        cbr_supported: false,
        cpu_arch: "arm64",
    },
    "c6gn.large": InstanceInfo {
        instance_type: "c6gn.large",
        instance_storage_supported: false,
        efa_supported: false,
        nvidia_gpu_supported: false,
        neuron_supported: false,
        cbr_supported: false,
        cpu_arch: "arm64",
    },
    "c6gn.medium": InstanceInfo {
        instance_type: "c6gn.medium",
        instance_storage_supported: false,
        efa_supported: false,
        nvidia_gpu_supported: false,
        neuron_supported: false,
        cbr_supported: false,
        cpu_arch: "arm64",
    },
    "c6gn.xlarge": InstanceInfo {
        instance_type: "c6gn.xlarge",
        instance_storage_supported: false,
        efa_supported: false,
        nvidia_gpu_supported: false,
        neuron_supported: false,
        cbr_supported: false,
        cpu_arch: "arm64",
    },
    "c7g.12xlarge": InstanceInfo {
        instance_type: "c7g.12xlarge",
        instance_storage_supported: false,
        efa_supported: false,
        nvidia_gpu_supported: false,
        neuron_supported: false,
        cbr_supported: false,
        cpu_arch: "arm64",
    },
    "c7g.16xlarge": InstanceInfo {
        instance_type: "c7g.16xlarge",
        instance_storage_supported: false,
        efa_supported: true,
        nvidia_gpu_supported: false,
        neuron_supported: false,
        cbr_supported: false,
        cpu_arch: "arm64",
    },
    "c7g.2xlarge": InstanceInfo {
        instance_type: "c7g.2xlarge",
        instance_storage_supported: false,
        efa_supported: false,
        nvidia_gpu_supported: false,
        neuron_supported: false,
        cbr_supported: false,
        cpu_arch: "arm64",
    },
    "c7g.4xlarge": InstanceInfo {
        instance_type: "c7g.4xlarge",
        instance_storage_supported: false,
        efa_supported: false,
        nvidia_gpu_supported: false,
        neuron_supported: false,
        cbr_supported: false,
        cpu_arch: "arm64",
    },
    "c7g.8xlarge": InstanceInfo {
        instance_type: "c7g.8xlarge",
        instance_storage_supported: false,
        efa_supported: false,
        nvidia_gpu_supported: false,
        neuron_supported: false,
        cbr_supported: false,
        cpu_arch: "arm64",
    },
    "c7g.large": InstanceInfo {
        instance_type: "c7g.large",
        instance_storage_supported: false,
        efa_supported: false,
        nvidia_gpu_supported: false,
        neuron_supported: false,
        cbr_supported: false,
        cpu_arch: "arm64",
    },
    "c7g.medium": InstanceInfo {
        instance_type: "c7g.medium",
        instance_storage_supported: false,
        efa_supported: false,
        nvidia_gpu_supported: false,
        neuron_supported: false,
        cbr_supported: false,
        cpu_arch: "arm64",
    },
    "c7g.xlarge": InstanceInfo {
        instance_type: "c7g.xlarge",
        instance_storage_supported: false,
        efa_supported: false,
        nvidia_gpu_supported: false,
        neuron_supported: false,
        cbr_supported: false,
        cpu_arch: "arm64",
    },
    "c7gd.12xlarge": InstanceInfo {
        instance_type: "c7gd.12xlarge",
        instance_storage_supported: true,
        efa_supported: false,
        nvidia_gpu_supported: false,
        neuron_supported: false,
        cbr_supported: false,
        cpu_arch: "arm64",
    },
    "c7gd.16xlarge": InstanceInfo {
        instance_type: "c7gd.16xlarge",
        instance_storage_supported: true,
        efa_supported: true,
        nvidia_gpu_supported: false,
        neuron_supported: false,
        cbr_supported: false,
        cpu_arch: "arm64",
    },
    "c7gd.2xlarge": InstanceInfo {
        instance_type: "c7gd.2xlarge",
        instance_storage_supported: true,
        efa_supported: false,
        nvidia_gpu_supported: false,
        neuron_supported: false,
        cbr_supported: false,
        cpu_arch: "arm64",
    },
    "c7gd.4xlarge": InstanceInfo {
        instance_type: "c7gd.4xlarge",
        instance_storage_supported: true,
        efa_supported: false,
        nvidia_gpu_supported: false,
        neuron_supported: false,
        cbr_supported: false,
        cpu_arch: "arm64",
    },
    "c7gd.8xlarge": InstanceInfo {
        instance_type: "c7gd.8xlarge",
        instance_storage_supported: true,
        efa_supported: false,
        nvidia_gpu_supported: false,
        neuron_supported: false,
        cbr_supported: false,
        cpu_arch: "arm64",
    },
    "c7gd.large": InstanceInfo {
        instance_type: "c7gd.large",
        instance_storage_supported: true,
        efa_supported: false,
        nvidia_gpu_supported: false,
        neuron_supported: false,
        cbr_supported: false,
        cpu_arch: "arm64",
    },
    "c7gd.medium": InstanceInfo {
        instance_type: "c7gd.medium",
        instance_storage_supported: true,
        efa_supported: false,
        nvidia_gpu_supported: false,
        neuron_supported: false,
        cbr_supported: false,
        cpu_arch: "arm64",
    },
    "c7gd.xlarge": InstanceInfo {
        instance_type: "c7gd.xlarge",
        instance_storage_supported: true,
        efa_supported: false,
        nvidia_gpu_supported: false,
        neuron_supported: false,
        cbr_supported: false,
        cpu_arch: "arm64",
    },
    "c7gn.12xlarge": InstanceInfo {
        instance_type: "c7gn.12xlarge",
        instance_storage_supported: false,
        efa_supported: false,
        nvidia_gpu_supported: false,
        neuron_supported: false,
        cbr_supported: false,
        cpu_arch: "arm64",
    },
    "c7gn.16xlarge": InstanceInfo {
        instance_type: "c7gn.16xlarge",
        instance_storage_supported: false,
        efa_supported: true,
        nvidia_gpu_supported: false,
        neuron_supported: false,
        cbr_supported: false,
        cpu_arch: "arm64",
    },
    "c7gn.2xlarge": InstanceInfo {
        instance_type: "c7gn.2xlarge",
        instance_storage_supported: false,
        efa_supported: false,
        nvidia_gpu_supported: false,
        neuron_supported: false,
        cbr_supported: false,
        cpu_arch: "arm64",
    },
    "c7gn.4xlarge": InstanceInfo {
        instance_type: "c7gn.4xlarge",
        instance_storage_supported: false,
        efa_supported: false,
        nvidia_gpu_supported: false,
        neuron_supported: false,
        cbr_supported: false,
        cpu_arch: "arm64",
    },
    "c7gn.8xlarge": InstanceInfo {
        instance_type: "c7gn.8xlarge",
        instance_storage_supported: false,
        efa_supported: false,
        nvidia_gpu_supported: false,
        neuron_supported: false,
        cbr_supported: false,
        cpu_arch: "arm64",
    },
    "c7gn.large": InstanceInfo {
        instance_type: "c7gn.large",
        instance_storage_supported: false,
        efa_supported: false,
        nvidia_gpu_supported: false,
        neuron_supported: false,
        cbr_supported: false,
        cpu_arch: "arm64",
    },
    "c7gn.medium": InstanceInfo {
        instance_type: "c7gn.medium",
        instance_storage_supported: false,
        efa_supported: false,
        nvidia_gpu_supported: false,
        neuron_supported: false,
        cbr_supported: false,
        cpu_arch: "arm64",
    },
    "c7gn.xlarge": InstanceInfo {
        instance_type: "c7gn.xlarge",
        instance_storage_supported: false,
        efa_supported: false,
        nvidia_gpu_supported: false,
        neuron_supported: false,
        cbr_supported: false,
        cpu_arch: "arm64",
    },
    "c8g.12xlarge": InstanceInfo {
        instance_type: "c8g.12xlarge",
        instance_storage_supported: false,
        efa_supported: false,
        nvidia_gpu_supported: false,
        neuron_supported: false,
        cbr_supported: false,
        cpu_arch: "arm64",
    },
    "c8g.16xlarge": InstanceInfo {
        instance_type: "c8g.16xlarge",
        instance_storage_supported: false,
        efa_supported: false,
        nvidia_gpu_supported: false,
        neuron_supported: false,
        cbr_supported: false,
        cpu_arch: "arm64",
    },
    "c8g.24xlarge": InstanceInfo {
        instance_type: "c8g.24xlarge",
        instance_storage_supported: false,
        efa_supported: true,
        nvidia_gpu_supported: false,
        neuron_supported: false,
        cbr_supported: false,
        cpu_arch: "arm64",
    },
    "c8g.2xlarge": InstanceInfo {
        instance_type: "c8g.2xlarge",
        instance_storage_supported: false,
        efa_supported: false,
        nvidia_gpu_supported: false,
        neuron_supported: false,
        cbr_supported: false,
        cpu_arch: "arm64",
    },
    "c8g.48xlarge": InstanceInfo {
        instance_type: "c8g.48xlarge",
        instance_storage_supported: false,
        efa_supported: true,
        nvidia_gpu_supported: false,
        neuron_supported: false,
        cbr_supported: false,
        cpu_arch: "arm64",
    },
    "c8g.4xlarge": InstanceInfo {
        instance_type: "c8g.4xlarge",
        instance_storage_supported: false,
        efa_supported: false,
        nvidia_gpu_supported: false,
        neuron_supported: false,
        cbr_supported: false,
        cpu_arch: "arm64",
    },
    "c8g.8xlarge": InstanceInfo {
        instance_type: "c8g.8xlarge",
        instance_storage_supported: false,
        efa_supported: false,
        nvidia_gpu_supported: false,
        neuron_supported: false,
        cbr_supported: false,
        cpu_arch: "arm64",
    },
    "c8g.large": InstanceInfo {
        instance_type: "c8g.large",
        instance_storage_supported: false,
        efa_supported: false,
        nvidia_gpu_supported: false,
        neuron_supported: false,
        cbr_supported: false,
        cpu_arch: "arm64",
    },
    "c8g.medium": InstanceInfo {
        instance_type: "c8g.medium",
        instance_storage_supported: false,
        efa_supported: false,
        nvidia_gpu_supported: false,
        neuron_supported: false,
        cbr_supported: false,
        cpu_arch: "arm64",
    },
    "c8g.xlarge": InstanceInfo {
        instance_type: "c8g.xlarge",
        instance_storage_supported: false,
        efa_supported: false,
        nvidia_gpu_supported: false,
        neuron_supported: false,
        cbr_supported: false,
        cpu_arch: "arm64",
    },
    "g5g.16xlarge": InstanceInfo {
        instance_type: "g5g.16xlarge",
        instance_storage_supported: false,
        efa_supported: false,
        nvidia_gpu_supported: true,
        neuron_supported: false,
        cbr_supported: false,
        cpu_arch: "arm64",
    },
    "g5g.2xlarge": InstanceInfo {
        instance_type: "g5g.2xlarge",
        instance_storage_supported: false,
        efa_supported: false,
        nvidia_gpu_supported: true,
        neuron_supported: false,
        cbr_supported: false,
        cpu_arch: "arm64",
    },
    "g5g.4xlarge": InstanceInfo {
        instance_type: "g5g.4xlarge",
        instance_storage_supported: false,
        efa_supported: false,
        nvidia_gpu_supported: true,
        neuron_supported: false,
        cbr_supported: false,
        cpu_arch: "arm64",
    },
    "g5g.8xlarge": InstanceInfo {
        instance_type: "g5g.8xlarge",
        instance_storage_supported: false,
        efa_supported: false,
        nvidia_gpu_supported: true,
        neuron_supported: false,
        cbr_supported: false,
        cpu_arch: "arm64",
    },
    "g5g.xlarge": InstanceInfo {
        instance_type: "g5g.xlarge",
        instance_storage_supported: false,
        efa_supported: false,
        nvidia_gpu_supported: true,
        neuron_supported: false,
        cbr_supported: false,
        cpu_arch: "arm64",
    },
    "hpc7g.16xlarge": InstanceInfo {
        instance_type: "hpc7g.16xlarge",
        instance_storage_supported: false,
        efa_supported: true,
        nvidia_gpu_supported: false,
        neuron_supported: false,
        cbr_supported: false,
        cpu_arch: "arm64",
    },
    "hpc7g.4xlarge": InstanceInfo {
        instance_type: "hpc7g.4xlarge",
        instance_storage_supported: false,
        efa_supported: true,
        nvidia_gpu_supported: false,
        neuron_supported: false,
        cbr_supported: false,
        cpu_arch: "arm64",
    },
    "hpc7g.8xlarge": InstanceInfo {
        instance_type: "hpc7g.8xlarge",
        instance_storage_supported: false,
        efa_supported: true,
        nvidia_gpu_supported: false,
        neuron_supported: false,
        cbr_supported: false,
        cpu_arch: "arm64",
    },
    "m6g.12xlarge": InstanceInfo {
        instance_type: "m6g.12xlarge",
        instance_storage_supported: false,
        efa_supported: false,
        nvidia_gpu_supported: false,
        neuron_supported: false,
        cbr_supported: false,
        cpu_arch: "arm64",
    },
    "m6g.16xlarge": InstanceInfo {
        instance_type: "m6g.16xlarge",
        instance_storage_supported: false,
        efa_supported: false,
        nvidia_gpu_supported: false,
        neuron_supported: false,
        cbr_supported: false,
        cpu_arch: "arm64",
    },
    "m6g.2xlarge": InstanceInfo {
        instance_type: "m6g.2xlarge",
        instance_storage_supported: false,
        efa_supported: false,
        nvidia_gpu_supported: false,
        neuron_supported: false,
        cbr_supported: false,
        cpu_arch: "arm64",
    },
    "m6g.4xlarge": InstanceInfo {
        instance_type: "m6g.4xlarge",
        instance_storage_supported: false,
        efa_supported: false,
        nvidia_gpu_supported: false,
        neuron_supported: false,
        cbr_supported: false,
        cpu_arch: "arm64",
    },
    "m6g.8xlarge": InstanceInfo {
        instance_type: "m6g.8xlarge",
        instance_storage_supported: false,
        efa_supported: false,
        nvidia_gpu_supported: false,
        neuron_supported: false,
        cbr_supported: false,
        cpu_arch: "arm64",
    },
    "m6g.large": InstanceInfo {
        instance_type: "m6g.large",
        instance_storage_supported: false,
        efa_supported: false,
        nvidia_gpu_supported: false,
        neuron_supported: false,
        cbr_supported: false,
        cpu_arch: "arm64",
    },
    "m6g.medium": InstanceInfo {
        instance_type: "m6g.medium",
        instance_storage_supported: false,
        efa_supported: false,
        nvidia_gpu_supported: false,
        neuron_supported: false,
        cbr_supported: false,
        cpu_arch: "arm64",
    },
    "m6g.xlarge": InstanceInfo {
        instance_type: "m6g.xlarge",
        instance_storage_supported: false,
        efa_supported: false,
        nvidia_gpu_supported: false,
        neuron_supported: false,
        cbr_supported: false,
        cpu_arch: "arm64",
    },
    "m6gd.12xlarge": InstanceInfo {
        instance_type: "m6gd.12xlarge",
        instance_storage_supported: true,
        efa_supported: false,
        nvidia_gpu_supported: false,
        neuron_supported: false,
        cbr_supported: false,
        cpu_arch: "arm64",
    },
    "m6gd.16xlarge": InstanceInfo {
        instance_type: "m6gd.16xlarge",
        instance_storage_supported: true,
        efa_supported: false,
        nvidia_gpu_supported: false,
        neuron_supported: false,
        cbr_supported: false,
        cpu_arch: "arm64",
    },
    "m6gd.2xlarge": InstanceInfo {
        instance_type: "m6gd.2xlarge",
        instance_storage_supported: true,
        efa_supported: false,
        nvidia_gpu_supported: false,
        neuron_supported: false,
        cbr_supported: false,
        cpu_arch: "arm64",
    },
    "m6gd.4xlarge": InstanceInfo {
        instance_type: "m6gd.4xlarge",
        instance_storage_supported: true,
        efa_supported: false,
        nvidia_gpu_supported: false,
        neuron_supported: false,
        cbr_supported: false,
        cpu_arch: "arm64",
    },
    "m6gd.8xlarge": InstanceInfo {
        instance_type: "m6gd.8xlarge",
        instance_storage_supported: true,
        efa_supported: false,
        nvidia_gpu_supported: false,
        neuron_supported: false,
        cbr_supported: false,
        cpu_arch: "arm64",
    },
    "m6gd.large": InstanceInfo {
        instance_type: "m6gd.large",
        instance_storage_supported: true,
        efa_supported: false,
        nvidia_gpu_supported: false,
        neuron_supported: false,
        cbr_supported: false,
        cpu_arch: "arm64",
    },
    "m6gd.medium": InstanceInfo {
        instance_type: "m6gd.medium",
        instance_storage_supported: true,
        efa_supported: false,
        nvidia_gpu_supported: false,
        neuron_supported: false,
        cbr_supported: false,
        cpu_arch: "arm64",
    },
    "m6gd.xlarge": InstanceInfo {
        instance_type: "m6gd.xlarge",
        instance_storage_supported: true,
        efa_supported: false,
        nvidia_gpu_supported: false,
        neuron_supported: false,
        cbr_supported: false,
        cpu_arch: "arm64",
    },
    "m7g.12xlarge": InstanceInfo {
        instance_type: "m7g.12xlarge",
        instance_storage_supported: false,
        efa_supported: false,
        nvidia_gpu_supported: false,
        neuron_supported: false,
        cbr_supported: false,
        cpu_arch: "arm64",
    },
    "m7g.16xlarge": InstanceInfo {
        instance_type: "m7g.16xlarge",
        instance_storage_supported: false,
        efa_supported: true,
        nvidia_gpu_supported: false,
        neuron_supported: false,
        cbr_supported: false,
        cpu_arch: "arm64",
    },
    "m7g.2xlarge": InstanceInfo {
        instance_type: "m7g.2xlarge",
        instance_storage_supported: false,
        efa_supported: false,
        nvidia_gpu_supported: false,
        neuron_supported: false,
        cbr_supported: false,
        cpu_arch: "arm64",
    },
    "m7g.4xlarge": InstanceInfo {
        instance_type: "m7g.4xlarge",
        instance_storage_supported: false,
        efa_supported: false,
        nvidia_gpu_supported: false,
        neuron_supported: false,
        cbr_supported: false,
        cpu_arch: "arm64",
    },
    "m7g.8xlarge": InstanceInfo {
        instance_type: "m7g.8xlarge",
        instance_storage_supported: false,
        efa_supported: false,
        nvidia_gpu_supported: false,
        neuron_supported: false,
        cbr_supported: false,
        cpu_arch: "arm64",
    },
    "m7g.large": InstanceInfo {
        instance_type: "m7g.large",
        instance_storage_supported: false,
        efa_supported: false,
        nvidia_gpu_supported: false,
        neuron_supported: false,
        cbr_supported: false,
        cpu_arch: "arm64",
    },
    "m7g.medium": InstanceInfo {
        instance_type: "m7g.medium",
        instance_storage_supported: false,
        efa_supported: false,
        nvidia_gpu_supported: false,
        neuron_supported: false,
        cbr_supported: false,
        cpu_arch: "arm64",
    },
    "m7g.xlarge": InstanceInfo {
        instance_type: "m7g.xlarge",
        instance_storage_supported: false,
        efa_supported: false,
        nvidia_gpu_supported: false,
        neuron_supported: false,
        cbr_supported: false,
        cpu_arch: "arm64",
    },
    "m7gd.12xlarge": InstanceInfo {
        instance_type: "m7gd.12xlarge",
        instance_storage_supported: true,
        efa_supported: false,
        nvidia_gpu_supported: false,
        neuron_supported: false,
        cbr_supported: false,
        cpu_arch: "arm64",
    },
    "m7gd.16xlarge": InstanceInfo {
        instance_type: "m7gd.16xlarge",
        instance_storage_supported: true,
        efa_supported: true,
        nvidia_gpu_supported: false,
        neuron_supported: false,
        cbr_supported: false,
        cpu_arch: "arm64",
    },
    "m7gd.2xlarge": InstanceInfo {
        instance_type: "m7gd.2xlarge",
        instance_storage_supported: true,
        efa_supported: false,
        nvidia_gpu_supported: false,
        neuron_supported: false,
        cbr_supported: false,
        cpu_arch: "arm64",
    },
    "m7gd.4xlarge": InstanceInfo {
        instance_type: "m7gd.4xlarge",
        instance_storage_supported: true,
        efa_supported: false,
        nvidia_gpu_supported: false,
        neuron_supported: false,
        cbr_supported: false,
        cpu_arch: "arm64",
    },
    "m7gd.8xlarge": InstanceInfo {
        instance_type: "m7gd.8xlarge",
        instance_storage_supported: true,
        efa_supported: false,
        nvidia_gpu_supported: false,
        neuron_supported: false,
        cbr_supported: false,
        cpu_arch: "arm64",
    },
    "m7gd.large": InstanceInfo {
        instance_type: "m7gd.large",
        instance_storage_supported: true,
        efa_supported: false,
        nvidia_gpu_supported: false,
        neuron_supported: false,
        cbr_supported: false,
        cpu_arch: "arm64",
    },
    "m7gd.medium": InstanceInfo {
        instance_type: "m7gd.medium",
        instance_storage_supported: true,
        efa_supported: false,
        nvidia_gpu_supported: false,
        neuron_supported: false,
        cbr_supported: false,
        cpu_arch: "arm64",
    },
    "m7gd.xlarge": InstanceInfo {
        instance_type: "m7gd.xlarge",
        instance_storage_supported: true,
        efa_supported: false,
        nvidia_gpu_supported: false,
        neuron_supported: false,
        cbr_supported: false,
        cpu_arch: "arm64",
    },
    "m8g.12xlarge": InstanceInfo {
        instance_type: "m8g.12xlarge",
        instance_storage_supported: false,
        efa_supported: false,
        nvidia_gpu_supported: false,
        neuron_supported: false,
        cbr_supported: false,
        cpu_arch: "arm64",
    },
    "m8g.16xlarge": InstanceInfo {
        instance_type: "m8g.16xlarge",
        instance_storage_supported: false,
        efa_supported: false,
        nvidia_gpu_supported: false,
        neuron_supported: false,
        cbr_supported: false,
        cpu_arch: "arm64",
    },
    "m8g.24xlarge": InstanceInfo {
        instance_type: "m8g.24xlarge",
        instance_storage_supported: false,
        efa_supported: true,
        nvidia_gpu_supported: false,
        neuron_supported: false,
        cbr_supported: false,
        cpu_arch: "arm64",
    },
    "m8g.2xlarge": InstanceInfo {
        instance_type: "m8g.2xlarge",
        instance_storage_supported: false,
        efa_supported: false,
        nvidia_gpu_supported: false,
        neuron_supported: false,
        cbr_supported: false,
        cpu_arch: "arm64",
    },
    "m8g.48xlarge": InstanceInfo {
        instance_type: "m8g.48xlarge",
        instance_storage_supported: false,
        efa_supported: true,
        nvidia_gpu_supported: false,
        neuron_supported: false,
        cbr_supported: false,
        cpu_arch: "arm64",
    },
    "m8g.4xlarge": InstanceInfo {
        instance_type: "m8g.4xlarge",
        instance_storage_supported: false,
        efa_supported: false,
        nvidia_gpu_supported: false,
        neuron_supported: false,
        cbr_supported: false,
        cpu_arch: "arm64",
    },
    "m8g.8xlarge": InstanceInfo {
        instance_type: "m8g.8xlarge",
        instance_storage_supported: false,
        efa_supported: false,
        nvidia_gpu_supported: false,
        neuron_supported: false,
        cbr_supported: false,
        cpu_arch: "arm64",
    },
    "m8g.large": InstanceInfo {
        instance_type: "m8g.large",
        instance_storage_supported: false,
        efa_supported: false,
        nvidia_gpu_supported: false,
        neuron_supported: false,
        cbr_supported: false,
        cpu_arch: "arm64",
    },
    "m8g.medium": InstanceInfo {
        instance_type: "m8g.medium",
        instance_storage_supported: false,
        efa_supported: false,
        nvidia_gpu_supported: false,
        neuron_supported: false,
        cbr_supported: false,
        cpu_arch: "arm64",
    },
    "m8g.xlarge": InstanceInfo {
        instance_type: "m8g.xlarge",
        instance_storage_supported: false,
        efa_supported: false,
        nvidia_gpu_supported: false,
        neuron_supported: false,
        cbr_supported: false,
        cpu_arch: "arm64",
    },
    "r6g.12xlarge": InstanceInfo {
        instance_type: "r6g.12xlarge",
        instance_storage_supported: false,
        efa_supported: false,
        nvidia_gpu_supported: false,
        neuron_supported: false,
        cbr_supported: false,
        cpu_arch: "arm64",
    },
    "r6g.16xlarge": InstanceInfo {
        instance_type: "r6g.16xlarge",
        instance_storage_supported: false,
        efa_supported: false,
        nvidia_gpu_supported: false,
        neuron_supported: false,
        cbr_supported: false,
        cpu_arch: "arm64",
    },
    "r6g.2xlarge": InstanceInfo {
        instance_type: "r6g.2xlarge",
        instance_storage_supported: false,
        efa_supported: false,
        nvidia_gpu_supported: false,
        neuron_supported: false,
        cbr_supported: false,
        cpu_arch: "arm64",
    },
    "r6g.4xlarge": InstanceInfo {
        instance_type: "r6g.4xlarge",
        instance_storage_supported: false,
        efa_supported: false,
        nvidia_gpu_supported: false,
        neuron_supported: false,
        cbr_supported: false,
        cpu_arch: "arm64",
    },
    "r6g.8xlarge": InstanceInfo {
        instance_type: "r6g.8xlarge",
        instance_storage_supported: false,
        efa_supported: false,
        nvidia_gpu_supported: false,
        neuron_supported: false,
        cbr_supported: false,
        cpu_arch: "arm64",
    },
    "r6g.large": InstanceInfo {
        instance_type: "r6g.large",
        instance_storage_supported: false,
        efa_supported: false,
        nvidia_gpu_supported: false,
        neuron_supported: false,
        cbr_supported: false,
        cpu_arch: "arm64",
    },
    "r6g.medium": InstanceInfo {
        instance_type: "r6g.medium",
        instance_storage_supported: false,
        efa_supported: false,
        nvidia_gpu_supported: false,
        neuron_supported: false,
        cbr_supported: false,
        cpu_arch: "arm64",
    },
    "r6g.xlarge": InstanceInfo {
        instance_type: "r6g.xlarge",
        instance_storage_supported: false,
        efa_supported: false,
        nvidia_gpu_supported: false,
        neuron_supported: false,
        cbr_supported: false,
        cpu_arch: "arm64",
    },
    "r6gd.12xlarge": InstanceInfo {
        instance_type: "r6gd.12xlarge",
        instance_storage_supported: true,
        efa_supported: false,
        nvidia_gpu_supported: false,
        neuron_supported: false,
        cbr_supported: false,
        cpu_arch: "arm64",
    },
    "r6gd.16xlarge": InstanceInfo {
        instance_type: "r6gd.16xlarge",
        instance_storage_supported: true,
        efa_supported: false,
        nvidia_gpu_supported: false,
        neuron_supported: false,
        cbr_supported: false,
        cpu_arch: "arm64",
    },
    "r6gd.2xlarge": InstanceInfo {
        instance_type: "r6gd.2xlarge",
        instance_storage_supported: true,
        efa_supported: false,
        nvidia_gpu_supported: false,
        neuron_supported: false,
        cbr_supported: false,
        cpu_arch: "arm64",
    },
    "r6gd.4xlarge": InstanceInfo {
        instance_type: "r6gd.4xlarge",
        instance_storage_supported: true,
        efa_supported: false,
        nvidia_gpu_supported: false,
        neuron_supported: false,
        cbr_supported: false,
        cpu_arch: "arm64",
    },
    "r6gd.8xlarge": InstanceInfo {
        instance_type: "r6gd.8xlarge",
        instance_storage_supported: true,
        efa_supported: false,
        nvidia_gpu_supported: false,
        neuron_supported: false,
        cbr_supported: false,
        cpu_arch: "arm64",
    },
    "r6gd.large": InstanceInfo {
        instance_type: "r6gd.large",
        instance_storage_supported: true,
        efa_supported: false,
        nvidia_gpu_supported: false,
        neuron_supported: false,
        cbr_supported: false,
        cpu_arch: "arm64",
    },
    "r6gd.medium": InstanceInfo {
        instance_type: "r6gd.medium",
        instance_storage_supported: true,
        efa_supported: false,
        nvidia_gpu_supported: false,
        neuron_supported: false,
        cbr_supported: false,
        cpu_arch: "arm64",
    },
    "r6gd.xlarge": InstanceInfo {
        instance_type: "r6gd.xlarge",
        instance_storage_supported: true,
        efa_supported: false,
        nvidia_gpu_supported: false,
        neuron_supported: false,
        cbr_supported: false,
        cpu_arch: "arm64",
    },
    "r7g.12xlarge": InstanceInfo {
        instance_type: "r7g.12xlarge",
        instance_storage_supported: false,
        efa_supported: false,
        nvidia_gpu_supported: false,
        neuron_supported: false,
        cbr_supported: false,
        cpu_arch: "arm64",
    },
    "r7g.16xlarge": InstanceInfo {
        instance_type: "r7g.16xlarge",
        instance_storage_supported: false,
        efa_supported: true,
        nvidia_gpu_supported: false,
        neuron_supported: false,
        cbr_supported: false,
        cpu_arch: "arm64",
    },
    "r7g.2xlarge": InstanceInfo {
        instance_type: "r7g.2xlarge",
        instance_storage_supported: false,
        efa_supported: false,
        nvidia_gpu_supported: false,
        neuron_supported: false,
        cbr_supported: false,
        cpu_arch: "arm64",
    },
    "r7g.4xlarge": InstanceInfo {
        instance_type: "r7g.4xlarge",
        instance_storage_supported: false,
        efa_supported: false,
        nvidia_gpu_supported: false,
        neuron_supported: false,
        cbr_supported: false,
        cpu_arch: "arm64",
    },
    "r7g.8xlarge": InstanceInfo {
        instance_type: "r7g.8xlarge",
        instance_storage_supported: false,
        efa_supported: false,
        nvidia_gpu_supported: false,
        neuron_supported: false,
        cbr_supported: false,
        cpu_arch: "arm64",
    },
    "r7g.large": InstanceInfo {
        instance_type: "r7g.large",
        instance_storage_supported: false,
        efa_supported: false,
        nvidia_gpu_supported: false,
        neuron_supported: false,
        cbr_supported: false,
        cpu_arch: "arm64",
    },
    "r7g.medium": InstanceInfo {
        instance_type: "r7g.medium",
        instance_storage_supported: false,
        efa_supported: false,
        nvidia_gpu_supported: false,
        neuron_supported: false,
        cbr_supported: false,
        cpu_arch: "arm64",
    },
    "r7g.xlarge": InstanceInfo {
        instance_type: "r7g.xlarge",
        instance_storage_supported: false,
        efa_supported: false,
        nvidia_gpu_supported: false,
        neuron_supported: false,
        cbr_supported: false,
        cpu_arch: "arm64",
    },
    "r7gd.12xlarge": InstanceInfo {
        instance_type: "r7gd.12xlarge",
        instance_storage_supported: true,
        efa_supported: false,
        nvidia_gpu_supported: false,
        neuron_supported: false,
        cbr_supported: false,
        cpu_arch: "arm64",
    },
    "r7gd.16xlarge": InstanceInfo {
        instance_type: "r7gd.16xlarge",
        instance_storage_supported: true,
        efa_supported: true,
        nvidia_gpu_supported: false,
        neuron_supported: false,
        cbr_supported: false,
        cpu_arch: "arm64",
    },
    "r7gd.2xlarge": InstanceInfo {
        instance_type: "r7gd.2xlarge",
        instance_storage_supported: true,
        efa_supported: false,
        nvidia_gpu_supported: false,
        neuron_supported: false,
        cbr_supported: false,
        cpu_arch: "arm64",
    },
    "r7gd.4xlarge": InstanceInfo {
        instance_type: "r7gd.4xlarge",
        instance_storage_supported: true,
        efa_supported: false,
        nvidia_gpu_supported: false,
        neuron_supported: false,
        cbr_supported: false,
        cpu_arch: "arm64",
    },
    "r7gd.8xlarge": InstanceInfo {
        instance_type: "r7gd.8xlarge",
        instance_storage_supported: true,
        efa_supported: false,
        nvidia_gpu_supported: false,
        neuron_supported: false,
        cbr_supported: false,
        cpu_arch: "arm64",
    },
    "r7gd.large": InstanceInfo {
        instance_type: "r7gd.large",
        instance_storage_supported: true,
        efa_supported: false,
        nvidia_gpu_supported: false,
        neuron_supported: false,
        cbr_supported: false,
        cpu_arch: "arm64",
    },
    "r7gd.medium": InstanceInfo {
        instance_type: "r7gd.medium",
        instance_storage_supported: true,
        efa_supported: false,
        nvidia_gpu_supported: false,
        neuron_supported: false,
        cbr_supported: false,
        cpu_arch: "arm64",
    },
    "r7gd.xlarge": InstanceInfo {
        instance_type: "r7gd.xlarge",
        instance_storage_supported: true,
        efa_supported: false,
        nvidia_gpu_supported: false,
        neuron_supported: false,
        cbr_supported: false,
        cpu_arch: "arm64",
    },
    "r8g.12xlarge": InstanceInfo {
        instance_type: "r8g.12xlarge",
        instance_storage_supported: false,
        efa_supported: false,
        nvidia_gpu_supported: false,
        neuron_supported: false,
        cbr_supported: false,
        cpu_arch: "arm64",
    },
    "r8g.16xlarge": InstanceInfo {
        instance_type: "r8g.16xlarge",
        instance_storage_supported: false,
        efa_supported: false,
        nvidia_gpu_supported: false,
        neuron_supported: false,
        cbr_supported: false,
        cpu_arch: "arm64",
    },
    "r8g.24xlarge": InstanceInfo {
        instance_type: "r8g.24xlarge",
        instance_storage_supported: false,
        efa_supported: true,
        nvidia_gpu_supported: false,
        neuron_supported: false,
        cbr_supported: false,
        cpu_arch: "arm64",
    },
    "r8g.2xlarge": InstanceInfo {
        instance_type: "r8g.2xlarge",
        instance_storage_supported: false,
        efa_supported: false,
        nvidia_gpu_supported: false,
        neuron_supported: false,
        cbr_supported: false,
        cpu_arch: "arm64",
    },
    "r8g.48xlarge": InstanceInfo {
        instance_type: "r8g.48xlarge",
        instance_storage_supported: false,
        efa_supported: true,
        nvidia_gpu_supported: false,
        neuron_supported: false,
        cbr_supported: false,
        cpu_arch: "arm64",
    },
    "r8g.4xlarge": InstanceInfo {
        instance_type: "r8g.4xlarge",
        instance_storage_supported: false,
        efa_supported: false,
        nvidia_gpu_supported: false,
        neuron_supported: false,
        cbr_supported: false,
        cpu_arch: "arm64",
    },
    "r8g.8xlarge": InstanceInfo {
        instance_type: "r8g.8xlarge",
        instance_storage_supported: false,
        efa_supported: false,
        nvidia_gpu_supported: false,
        neuron_supported: false,
        cbr_supported: false,
        cpu_arch: "arm64",
    },
    "r8g.large": InstanceInfo {
        instance_type: "r8g.large",
        instance_storage_supported: false,
        efa_supported: false,
        nvidia_gpu_supported: false,
        neuron_supported: false,
        cbr_supported: false,
        cpu_arch: "arm64",
    },
    "r8g.medium": InstanceInfo {
        instance_type: "r8g.medium",
        instance_storage_supported: false,
        efa_supported: false,
        nvidia_gpu_supported: false,
        neuron_supported: false,
        cbr_supported: false,
        cpu_arch: "arm64",
    },
    "r8g.xlarge": InstanceInfo {
        instance_type: "r8g.xlarge",
        instance_storage_supported: false,
        efa_supported: false,
        nvidia_gpu_supported: false,
        neuron_supported: false,
        cbr_supported: false,
        cpu_arch: "arm64",
    },
    "t4g.2xlarge": InstanceInfo {
        instance_type: "t4g.2xlarge",
        instance_storage_supported: false,
        efa_supported: false,
        nvidia_gpu_supported: false,
        neuron_supported: false,
        cbr_supported: false,
        cpu_arch: "arm64",
    },
    "t4g.large": InstanceInfo {
        instance_type: "t4g.large",
        instance_storage_supported: false,
        efa_supported: false,
        nvidia_gpu_supported: false,
        neuron_supported: false,
        cbr_supported: false,
        cpu_arch: "arm64",
    },
    "t4g.medium": InstanceInfo {
        instance_type: "t4g.medium",
        instance_storage_supported: false,
        efa_supported: false,
        nvidia_gpu_supported: false,
        neuron_supported: false,
        cbr_supported: false,
        cpu_arch: "arm64",
    },
    "t4g.micro": InstanceInfo {
        instance_type: "t4g.micro",
        instance_storage_supported: false,
        efa_supported: false,
        nvidia_gpu_supported: false,
        neuron_supported: false,
        cbr_supported: false,
        cpu_arch: "arm64",
    },
    "t4g.nano": InstanceInfo {
        instance_type: "t4g.nano",
        instance_storage_supported: false,
        efa_supported: false,
        nvidia_gpu_supported: false,
        neuron_supported: false,
        cbr_supported: false,
        cpu_arch: "arm64",
    },
    "t4g.small": InstanceInfo {
        instance_type: "t4g.small",
        instance_storage_supported: false,
        efa_supported: false,
        nvidia_gpu_supported: false,
        neuron_supported: false,
        cbr_supported: false,
        cpu_arch: "arm64",
    },
    "t4g.xlarge": InstanceInfo {
        instance_type: "t4g.xlarge",
        instance_storage_supported: false,
        efa_supported: false,
        nvidia_gpu_supported: false,
        neuron_supported: false,
        cbr_supported: false,
        cpu_arch: "arm64",
    },
}
