---
source: cookiecluster/src/cli.rs
expression: rendered
---
################################################################################
# EKS Cluster
################################################################################

module "eks" {
  source  = "terraform-aws-modules/eks/aws"
  version = "~> 20.33"

  cluster_name    = "example"
  cluster_version = "1.31"

  # These will become the default in the next major version of the module
  bootstrap_self_managed_addons   = false
  enable_irsa                     = false
  enable_security_groups_for_pods = false

  cluster_addons = {
    coredns = {}
    eks-pod-identity-agent = {}
    eks-node-monitoring-agent = {}
    kube-proxy = {}
    vpc-cni = {
      pod_identity_role_arn = [{
        role_arn        = module.vpc_cni_pod_identity.iam_role_arn
        service_account = "aws-node"
      }]
    }
  }

  vpc_id                   = data.aws_vpc.this.id
  control_plane_subnet_ids = data.aws_subnets.control_plane.ids
  subnet_ids               = data.aws_subnets.data_plane.ids

  cluster_zonal_shift_config = {
    enabled = true
  }

  eks_managed_node_groups = {
    default = {
      ami_type = "AL2023_ARM_64_STANDARD"
      instance_types = [
        "m7g.xlarge",
        "m6g.xlarge",
      ]
  
      min_size     = 2
      max_size     = 3
      desired_size = 2
  
      node_repair_config = {
        enabled = true
      }

      # Increase root EBS volume
      block_device_mappings = {
        xvda = {
          device_name = "/dev/xvda"
          ebs = {
            volume_size = 24
          }
        }
      }
    }
  }

  tags = module.tags.tags
}

################################################################################
# EKS Pod Identity IAM Roles
################################################################################

module "vpc_cni_pod_identity" {
  source = "terraform-aws-modules/eks-pod-identity/aws"
  version = "~> 1.7"

  name = "vpc-cni"

  attach_aws_vpc_cni_policy = true
  aws_vpc_cni_enable_ipv4   = true

  tags = module.tags.tags
}
