---
source: cookiecluster/src/cli.rs
expression: rendered
---
################################################################################
# EKS Cluster
################################################################################

module "eks" {
  source  = "terraform-aws-modules/eks/aws"
  version = "~> 20.29"

  cluster_name    = "example"
  cluster_version = "1.31"

  cluster_addons = {
    coredns = {}
    eks-pod-identity-agent = {}
    kube-proxy = {}
    vpc-cni = {}
  }

  vpc_id                   = data.aws_vpc.this.id
  control_plane_subnet_ids = data.aws_subnets.control_plane.ids
  subnet_ids               = data.aws_subnets.data_plane.ids

  cluster_zonal_shift_config = {
    enabled = true
  }

  eks_managed_node_groups = {
    default = {
      ami_type = "AL2_x86_64"
      instance_types = [
        "m7a.xlarge",
        "m7i.xlarge",
      ]
  
      min_size     = 2
      max_size     = 3
      desired_size = 2
    }
  }

  tags = module.tags.tags
}
