---
source: cookiecluster/src/cli.rs
expression: rendered
---
terraform {
  required_version = ">= 1.5.7"

  required_providers {
    aws = {
      source  = "hashicorp/aws"
      version = ">= 6.28"
    }
  }
}

################################################################################
# Tags - Replace with your own tags implementation
################################################################################

module "tags" {
  source  = "clowdhaus/tags/aws"
  version = "~> 2.1"

  application = "cookiecluster"
  environment = "nonprod"
  repository  = "https://github.com/clowdhaus/cookiecluster"
}

################################################################################
# VPC & Subnet data sources
################################################################################

data "aws_vpc" "this" {
  filter {
    name   = "tag:Name"
    values = ["example"]
  }
}

data "aws_subnets" "control_plane" {
  filter {
    name   = "tag:Name"
    values = ["*-private-*"]
  }
}

data "aws_subnets" "data_plane" {
  filter {
    name   = "tag:Name"
    values = ["*-private-*"]
  }
}
