---
source: cookiecluster/src/cli.rs
expression: rendered
---
################################################################################
# Karpenter Controller & Node IAM roles, SQS Queue, and Eventbridge Rules
################################################################################

module "karpenter" {
  source  = "terraform-aws-modules/eks/aws//modules/karpenter"
  version = "~> 20.37"

  cluster_name = module.eks.cluster_name

  # Enable permissions for Karpenter v1.0+
  enable_v1_permissions = true
  namespace             = "kube-system"

  # Name needs to match role name passed to the EC2NodeClass
  node_iam_role_use_name_prefix   = false
  node_iam_role_name              = "example-karpenter-node"
  create_pod_identity_association = true

  tags = module.tags.tags
}

################################################################################
# Karpenter Helm chart
################################################################################

resource "helm_release" "karpenter" {
  # Use the Helm provider that is authenticated with Public ECR
  provider = helm.public_ecr

  name       = "karpenter"
  namespace  = "kube-system"
  repository = "oci://public.ecr.aws/karpenter"
  chart      = "karpenter"
  version    = "1.5.0"
  wait       = false

  values = [
    <<-EOT
      dnsPolicy: Default
      serviceAccount:
        name: ${module.karpenter.service_account}
      settings:
        clusterName: ${module.eks.cluster_name}
        clusterEndpoint: ${module.eks.cluster_endpoint}
        interruptionQueue: ${module.karpenter.queue_name}
    EOT
  ]
}

################################################################################
# Helm charts
################################################################################
